{
  "cases": {
    "Text": {
      "snippet": "Hello World"
    }
  }
}
